
> print_generator@0.1.0 test:run
> vitest run


[1m[46m RUN [49m[22m [36mv4.0.18 [39m[90mC:/Users/bhanu/OneDrive/Desktop/my_projects/assignments/SWE/print_generator[39m

node.exe : [90mstderr[2m | __tests__/api/templates/[id]/route.test.ts[2m > 
[22m[2mGET /api/templates/[id][2m > [22m[2mshould handle database errors 
gracefully
At line:1 char:1
+ & "C:\Program Files\nodejs/node.exe" "C:\Users\bhanu\AppData\Roaming\ ...
+ ~~~~~~~~~~~~~~~~~~~~~~~~~~~~~~~~~~~~~~~~~~~~~~~~~~~~~~~~~~~~~~~~~~~~~
    + CategoryInfo          : NotSpecified: ([90mstderr[2m...rors gracefully 
   :String) [], RemoteException
    + FullyQualifiedErrorId : NativeCommandError
 
[22m[39mError fetching template: Error: Please define the MONGODB_URI 
environment variable
    at connectToDatabase (C:/Users/bhanu/OneDrive/Desktop/my_projects/assignmen
ts/SWE/print_generator/lib/mongodb.ts:20:11)
    at getDb (C:/Users/bhanu/OneDrive/Desktop/my_projects/assignments/SWE/print
_generator/lib/mongodb.ts:45:24)
    at GET (C:/Users/bhanu/OneDrive/Desktop/my_projects/assignments/SWE/print_g
enerator/app/api/templates/[id]/route.ts:71:22)
[90m    at processTicksAndRejections 
(node:internal/process/task_queues:103:5)[39m
    at C:/Users/bhanu/OneDrive/Desktop/my_projects/assignments/SWE/print_genera
tor/__tests__/api/templates/[id]/route.test.ts:81:22
    at [90mfile:///C:/Users/bhanu/OneDrive/Desktop/my_projects/assignments/SWE
/print_generator/[39mnode_modules/[4m@vitest/runner[24m/dist/index.js:915:20

[90mstderr[2m | __tests__/api/templates/route.test.ts[2m > [22m[2mGET 
/api/templates[2m > [22m[2mshould handle database errors gracefully
[22m[39mError fetching templates: Error: Please define the MONGODB_URI 
environment variable
    at connectToDatabase (C:/Users/bhanu/OneDrive/Desktop/my_projects/assignmen
ts/SWE/print_generator/lib/mongodb.ts:20:11)
    at getDb (C:/Users/bhanu/OneDrive/Desktop/my_projects/assignments/SWE/print
_generator/lib/mongodb.ts:45:24)
    at GET (C:/Users/bhanu/OneDrive/Desktop/my_projects/assignments/SWE/print_g
enerator/app/api/templates/route.ts:38:22)
    at C:/Users/bhanu/OneDrive/Desktop/my_projects/assignments/SWE/print_genera
tor/__tests__/api/templates/route.test.ts:81:28
[90m    at processTicksAndRejections 
(node:internal/process/task_queues:103:5)[39m
    at [90mfile:///C:/Users/bhanu/OneDrive/Desktop/my_projects/assignments/SWE
/print_generator/[39mnode_modules/[4m@vitest/runner[24m/dist/index.js:915:20

 [32mΓ£ô[39m __tests__/lib/mongodb.test.ts [2m([22m[2m11 tests[22m[2m)[22m[33m 5257[2mms[22m[39m
[90mstderr[2m | __tests__/api/templates/route.test.ts[2m > [22m[2mPOST 
/api/templates[2m > [22m[2mshould handle database errors gracefully
[22m[39mError creating template: Error: Please define the MONGODB_URI 
environment variable
    at connectToDatabase (C:/Users/bhanu/OneDrive/Desktop/my_projects/assignmen
ts/SWE/print_generator/lib/mongodb.ts:20:11)
    at getDb (C:/Users/bhanu/OneDrive/Desktop/my_projects/assignments/SWE/print
_generator/lib/mongodb.ts:45:24)
    at POST (C:/Users/bhanu/OneDrive/Desktop/my_projects/assignments/SWE/print_
generator/app/api/templates/route.ts:138:22)
[90m    at processTicksAndRejections 
(node:internal/process/task_queues:103:5)[39m
    at C:/Users/bhanu/OneDrive/Desktop/my_projects/assignments/SWE/print_genera
tor/__tests__/api/templates/route.test.ts:306:22
    at [90mfile:///C:/Users/bhanu/OneDrive/Desktop/my_projects/assignments/SWE
/print_generator/[39mnode_modules/[4m@vitest/runner[24m/dist/index.js:915:20

[90mstderr[2m | __tests__/api/templates/[id]/route.test.ts[2m > 
[22m[2mPUT /api/templates/[id][2m > [22m[2mshould handle database errors 
gracefully
[22m[39mError updating template: Error: Please define the MONGODB_URI 
environment variable
    at connectToDatabase (C:/Users/bhanu/OneDrive/Desktop/my_projects/assignmen
ts/SWE/print_generator/lib/mongodb.ts:20:11)
    at getDb (C:/Users/bhanu/OneDrive/Desktop/my_projects/assignments/SWE/print
_generator/lib/mongodb.ts:45:24)
    at PUT (C:/Users/bhanu/OneDrive/Desktop/my_projects/assignments/SWE/print_g
enerator/app/api/templates/[id]/route.ts:186:22)
[90m    at processTicksAndRejections 
(node:internal/process/task_queues:103:5)[39m
    at C:/Users/bhanu/OneDrive/Desktop/my_projects/assignments/SWE/print_genera
tor/__tests__/api/templates/[id]/route.test.ts:332:22
    at [90mfile:///C:/Users/bhanu/OneDrive/Desktop/my_projects/assignments/SWE
/print_generator/[39mnode_modules/[4m@vitest/runner[24m/dist/index.js:915:20

 [32mΓ£ô[39m __tests__/api/templates/route.test.ts [2m([22m[2m14 tests[22m[2m)[22m[33m 3216[2mms[22m[39m
[90mstderr[2m | __tests__/api/templates/[id]/route.test.ts[2m > 
[22m[2mDELETE /api/templates/[id][2m > [22m[2mshould handle database 
errors gracefully
[22m[39mError deleting template: Error: Please define the MONGODB_URI 
environment variable
    at connectToDatabase (C:/Users/bhanu/OneDrive/Desktop/my_projects/assignmen
ts/SWE/print_generator/lib/mongodb.ts:20:11)
    at getDb (C:/Users/bhanu/OneDrive/Desktop/my_projects/assignments/SWE/print
_generator/lib/mongodb.ts:45:24)
    at DELETE (C:/Users/bhanu/OneDrive/Desktop/my_projects/assignments/SWE/prin
t_generator/app/api/templates/[id]/route.ts:286:22)
[90m    at processTicksAndRejections 
(node:internal/process/task_queues:103:5)[39m
    at C:/Users/bhanu/OneDrive/Desktop/my_projects/assignments/SWE/print_genera
tor/__tests__/api/templates/[id]/route.test.ts:430:22
    at [90mfile:///C:/Users/bhanu/OneDrive/Desktop/my_projects/assignments/SWE
/print_generator/[39mnode_modules/[4m@vitest/runner[24m/dist/index.js:915:20

 [32mΓ£ô[39m __tests__/api/templates/[id]/route.test.ts [2m([22m[2m20 tests[22m[2m)[22m[33m 3371[2mms[22m[39m
 [32mΓ£ô[39m __tests__/api/templates/[id]/generate/route.test.ts [2m([22m[2m5 tests[22m[2m)[22m[33m 4021[2mms[22m[39m
     [33m[2mΓ£ô[22m[39m should return a zip with one PDF per data point [33m 3110[2mms[22m[39m

[2m Test Files [22m [1m[32m4 passed[39m[22m[90m (4)[39m
[2m      Tests [22m [1m[32m50 passed[39m[22m[90m (50)[39m
[2m   Start at [22m 11:01:53
[2m   Duration [22m 10.41s[2m (transform 1.45s, setup 2.07s, import 9.69s, tests 15.86s, environment 2.70s)[22m

